// Jest Snapshot v1, https://goo.gl/fbAQLP

exports[`Matches snapshot 1`] = `
<div
  className="header-container"
>
  <img
    alt="Comsats Logo"
    className="header-left"
    src="./assets/images/logo_with_text.png"
  />
  <img
    alt="cui Logo"
    className="header-right"
    src="./assets/images/CUOnlineStudentConsole.png"
  />
</div>
`;
